ASxxxx Linker V03.00 + NoICE + sdld,  page 1.
Hexadecimal  [32-Bits]

Area                                    Addr        Size        Decimal Bytes (Attributes)
--------------------------------        ----        ----        ------- ----- ------------
.  .ABS.                            00000000    00000000 =           0. bytes (ABS,CON)

      Value  Global                              Global Defined In Module
      -----  --------------------------------   ------------------------
     00000000  .__.ABS.                           
     00000000  _rRAMG                             
     00000000  l__BASE                         
     00000000  l__BSS                          
     00000000  l__CABS                         
     00000000  l__CODE_0                       
     00000000  l__CRASH_HEADER                 
     00000000  l__CRASH_SCRATCH                
     00000000  l__DABS                         
     00000000  l__EHL_TRAMPOLINE               
     00000000  l__HEADER                       
     00000000  l__HEADER_LCD                   
     00000000  l__HEADER_SIO                   
     00000000  l__HEADER_TIMER                 
     00000000  l__HEAP                         
     00000000  l__HRAM                         
     00000000  l__LIT                          
     00000000  s__CABS                         
     00000000  s__CRASH_HEADER                 
     00000000  s__CRASH_HEADER0                
     00000000  s__CRASH_HEADER1                
     00000000  s__CRASH_SCRATCH                
     00000000  s__CRASH_SCRATCH2               
     00000000  s__DABS                         
     00000000  s__EHL_TRAMPOLINE               
     00000000  s__EHL_TRAMPOLINE0              
     00000000  s__HEADER                       
     00000000  s__HEADER0                      
     00000000  s__HEADER1                      
     00000000  s__HEADER10                     
     00000000  s__HEADER11                     
     00000000  s__HEADER2                      
     00000000  s__HEADER3                      
     00000000  s__HEADER4                      
     00000000  s__HEADER5                      
     00000000  s__HEADER6                      
     00000000  s__HEADER7                      
     00000000  s__HEADER8                      
     00000000  s__HEADER9                      
     00000000  s__HEADER_LCD                   
     00000000  s__HEADER_LCD0                  
     00000000  s__HEADER_SIO                   
     00000000  s__HEADER_SIO0                  
     00000000  s__HEADER_TIMER                 
     00000000  s__HEADER_TIMER0                
     00000000  s__HEADERa                      
     00000000  s__HEADERb                      
     00000000  s__HEADERc                      
     00000000  s__HEADERd                      
     00000000  s__HEADERe                      
ASxxxx Linker V03.00 + NoICE + sdld,  page 2.
Hexadecimal  [32-Bits]

Area                                    Addr        Size        Decimal Bytes (Attributes)
--------------------------------        ----        ----        ------- ----- ------------
.  .ABS.                            00000000    00000000 =           0. bytes (ABS,CON)

      Value  Global                              Global Defined In Module
      -----  --------------------------------   ------------------------
     00000000  s__HEADERf                      
     00000000  s__HRAM                         
     00000000  s__HRAM12                       
     00000001  ___bank_VM_SGB                     vm_sgb
     00000001  ___bank_bg_1map                    bg_1map
     00000001  ___bank_bg_fallmap_tilemap         bg_fallmap_tilemap
     00000001  ___bank_bg_fallmap_tilemap_attr    bg_fallmap_tilemap_attr
     00000001  ___bank_bg_superlarge_tileset      bg_superlarge_tileset
     00000001  b_ui_draw_frame                    ui
     00000001  b_ui_draw_text_buffer_char         ui
     00000001  b_ui_init                          ui
     00000001  b_ui_load_tiles                    ui
     00000001  b_ui_run_menu                      ui
     00000001  b_ui_run_modal                     ui
     00000001  b_ui_set_start_tile                ui
     00000001  l__GSFINAL                      
     00000001  l__HEADER0                      
     00000001  l__HEADER11                     
     00000001  l__HEADER9                      
     00000001  l__HEADERa                      
     00000001  l__HEADERb                      
     00000001  l__HEADERd                      
     00000001  l__HEADERe                      
     00000002  ___bank_VM_MAIN                    vm
     00000002  ___bank_VM_PROJECTILE              vm_projectiles
     00000002  ___bank_bg_lvl_9_tilemap_attr      bg_lvl_9_tilemap_attr
     00000002  ___bank_scene_12_sprites           scene_12_sprites
     00000002  ___bank_scene_17_collisions        scene_17_collisions
     00000002  ___mute_mask_sound_gbfx_sav_00     sound_gbfx_sav
     00000002  ___mute_mask_sound_gbfx_sav_01     sound_gbfx_sav
     00000002  ___mute_mask_sound_gbfx_sav_02     sound_gbfx_sav
     00000002  ___mute_mask_sound_gbfx_sav_03     sound_gbfx_sav
     00000002  ___mute_mask_sound_gbfx_sav_04     sound_gbfx_sav
     00000002  ___mute_mask_sound_gbfx_sav_05     sound_gbfx_sav
     00000002  ___mute_mask_sound_gbfx_sav_06     sound_gbfx_sav
     00000002  ___mute_mask_sound_gbfx_sav_07     sound_gbfx_sav
     00000002  ___mute_mask_sound_gbfx_sav_08     sound_gbfx_sav
     00000002  ___mute_mask_sound_gbfx_sav_09     sound_gbfx_sav
     00000002  ___mute_mask_sound_gbfx_sav_10     sound_gbfx_sav
     00000002  ___mute_mask_sound_gbfx_sav_11     sound_gbfx_sav
     00000002  ___mute_mask_sound_gbfx_sav_12     sound_gbfx_sav
     00000002  ___mute_mask_sound_gbfx_sav_13     sound_gbfx_sav
     00000002  ___mute_mask_sound_gbfx_sav_14     sound_gbfx_sav
     00000002  ___mute_mask_sound_gbfx_sav_15     sound_gbfx_sav
     00000002  ___mute_mask_sound_gbfx_sav_32     sound_gbfx_sav
     00000002  ___mute_mask_sound_gbfx_sav_33     sound_gbfx_sav
     00000002  ___mute_mask_sound_gbfx_sav_34     sound_gbfx_sav
     00000002  ___mute_mask_sound_gbfx_sav_35     sound_gbfx_sav
     00000002  ___mute_mask_sound_gbfx_sav_36     sound_gbfx_sav
     00000002  ___mute_mask_sound_gbfx_sav_37     sound_gbfx_sav
     00000002  ___mute_mask_sound_gbfx_sav_38     sound_gbfx_sav
ASxxxx Linker V03.00 + NoICE + sdld,  page 3.
Hexadecimal  [32-Bits]

Area                                    Addr        Size        Decimal Bytes (Attributes)
--------------------------------        ----        ----        ------- ----- ------------
.  .ABS.                            00000000    00000000 =           0. bytes (ABS,CON)

      Value  Global                              Global Defined In Module
      -----  --------------------------------   ------------------------
     00000002  ___mute_mask_sound_gbfx_sav_39     sound_gbfx_sav
     00000002  ___mute_mask_sound_gbfx_sav_48     sound_gbfx_sav
     00000002  ___mute_mask_sound_gbstudio_sfx_   sound_gbstudio_sfx_sav
     00000002  ___mute_mask_sound_gbstudio_sfx_   sound_gbstudio_sfx_sav
     00000002  ___mute_mask_sound_gbstudio_sfx_   sound_gbstudio_sfx_sav
     00000002  ___mute_mask_sound_gbstudio_sfx_   sound_gbstudio_sfx_sav
     00000002  ___mute_mask_sound_gbstudio_sfx_   sound_gbstudio_sfx_sav
     00000002  ___mute_mask_sound_gbstudio_sfx_   sound_gbstudio_sfx_sav
     00000002  ___mute_mask_sound_gbstudio_sfx_   sound_gbstudio_sfx_sav
     00000002  b_script_detach_hthread            vm
     00000002  b_script_execute                   vm
     00000002  b_script_runner_init               vm
     00000002  b_script_terminate                 vm
     00000002  b_vm_call                          vm
     00000002  b_vm_call_far                      vm
     00000002  b_vm_get_indirect                  vm
     00000002  b_vm_get_int16                     vm
     00000002  b_vm_get_int8                      vm
     00000002  b_vm_get_tlocal                    vm
     00000002  b_vm_get_uint8                     vm
     00000002  b_vm_idle                          vm
     00000002  b_vm_if                            vm
     00000002  b_vm_if_const                      vm
     00000002  b_vm_init_rng                      vm
     00000002  b_vm_invoke                        vm
     00000002  b_vm_join                          vm
     00000002  b_vm_jump                          vm
     00000002  b_vm_lock                          vm
     00000002  b_vm_loop                          vm
     00000002  b_vm_memcpy                        vm
     00000002  b_vm_memset                        vm
     00000002  b_vm_poll_loaded                   vm
     00000002  b_vm_pop                           vm
     00000002  b_vm_projectile_launch             vm_projectiles
     00000002  b_vm_projectile_load_type          vm_projectiles
     00000002  b_vm_push                          vm
     00000002  b_vm_push_reference                vm
     00000002  b_vm_push_value                    vm
     00000002  b_vm_push_value_ind                vm
     00000002  b_vm_raise                         vm
     00000002  b_vm_rand                          vm
     00000002  b_vm_reserve                       vm
     00000002  b_vm_ret                           vm
     00000002  b_vm_ret_far                       vm
     00000002  b_vm_set                           vm
     00000002  b_vm_set_const                     vm
     00000002  b_vm_set_const_int16               vm
     00000002  b_vm_set_const_int8                vm
     00000002  b_vm_set_indirect                  vm
     00000002  b_vm_set_int16                     vm
     00000002  b_vm_set_int8                      vm
ASxxxx Linker V03.00 + NoICE + sdld,  page 4.
Hexadecimal  [32-Bits]

Area                                    Addr        Size        Decimal Bytes (Attributes)
--------------------------------        ----        ----        ------- ----- ------------
.  .ABS.                            00000000    00000000 =           0. bytes (ABS,CON)

      Value  Global                              Global Defined In Module
      -----  --------------------------------   ------------------------
     00000002  b_vm_set_uint8                     vm
     00000002  b_vm_terminate                     vm
     00000002  b_vm_test_terminate                vm
     00000002  b_vm_unlock                        vm
     00000002  b_wait_frames                      vm
     00000002  l__HEADER5                      
     00000002  l__HEADERc                      
     00000002  l__HEADERf                      
     00000003  ___bank_scene_10_sprites           scene_10_sprites
     00000003  ___bank_song_rulz_into_the_woods   song_rulz_into_the_woods_0_D
     00000003  ___bank_sprite_hud_tileset         sprite_hud_tileset
     00000003  b_assign_state_script              platform
     00000003  b_basic_anim                       platform
     00000003  b_clear_state_script               platform
     00000003  b_dash_init_switch                 platform
     00000003  b_drop_press                       platform
     00000003  b_ladder_check                     platform
     00000003  b_ladder_switch                    platform
     00000003  b_platform_init                    platform
     00000003  b_platform_update                  platform
     00000003  b_wall_check                       platform
     00000003  l__HEADER8                      
     00000003  l__HEADER_LCD0                  
     00000003  l__HRAM12                       
     00000004  ___bank_bg_lvl_9_tilemap           bg_lvl_9_tilemap
     00000004  ___bank_bg_menu_2_tileset          bg_menu_2_tileset
     00000004  ___bank_scene_15_collisions        scene_15_collisions
     00000004  ___bank_scene_15_sprites           scene_15_sprites
     00000004  ___bank_sound_gbfx_sav_00          sound_gbfx_sav
     00000004  ___bank_sound_gbfx_sav_01          sound_gbfx_sav
     00000004  ___bank_sound_gbfx_sav_02          sound_gbfx_sav
     00000004  ___bank_sound_gbfx_sav_03          sound_gbfx_sav
     00000004  ___bank_sound_gbfx_sav_04          sound_gbfx_sav
     00000004  ___bank_sound_gbfx_sav_05          sound_gbfx_sav
     00000004  ___bank_sound_gbfx_sav_06          sound_gbfx_sav
     00000004  ___bank_sound_gbfx_sav_07          sound_gbfx_sav
     00000004  ___bank_sound_gbfx_sav_08          sound_gbfx_sav
     00000004  ___bank_sound_gbfx_sav_09          sound_gbfx_sav
     00000004  ___bank_sound_gbfx_sav_10          sound_gbfx_sav
     00000004  ___bank_sound_gbfx_sav_11          sound_gbfx_sav
     00000004  ___bank_sound_gbfx_sav_12          sound_gbfx_sav
     00000004  ___bank_sound_gbfx_sav_13          sound_gbfx_sav
     00000004  ___bank_sound_gbfx_sav_14          sound_gbfx_sav
     00000004  ___bank_sound_gbfx_sav_15          sound_gbfx_sav
     00000004  ___bank_sound_gbfx_sav_16          sound_gbfx_sav
     00000004  ___bank_sound_gbfx_sav_17          sound_gbfx_sav
     00000004  ___bank_sound_gbfx_sav_18          sound_gbfx_sav
     00000004  ___bank_sound_gbfx_sav_19          sound_gbfx_sav
     00000004  ___bank_sound_gbfx_sav_20          sound_gbfx_sav
     00000004  ___bank_sound_gbfx_sav_21          sound_gbfx_sav
     00000004  ___bank_sound_gbfx_sav_22          sound_gbfx_sav
ASxxxx Linker V03.00 + NoICE + sdld,  page 5.
Hexadecimal  [32-Bits]

Area                                    Addr        Size        Decimal Bytes (Attributes)
--------------------------------        ----        ----        ------- ----- ------------
.  .ABS.                            00000000    00000000 =           0. bytes (ABS,CON)

      Value  Global                              Global Defined In Module
      -----  --------------------------------   ------------------------
     00000004  ___bank_sound_gbfx_sav_23          sound_gbfx_sav
     00000004  ___bank_sound_gbfx_sav_24          sound_gbfx_sav
     00000004  ___bank_sound_gbfx_sav_25          sound_gbfx_sav
     00000004  ___bank_sound_gbfx_sav_26          sound_gbfx_sav
     00000004  ___bank_sound_gbfx_sav_27          sound_gbfx_sav
     00000004  ___bank_sound_gbfx_sav_28          sound_gbfx_sav
     00000004  ___bank_sound_gbfx_sav_29          sound_gbfx_sav
     00000004  ___bank_sound_gbfx_sav_30          sound_gbfx_sav
     00000004  ___bank_sound_gbfx_sav_31          sound_gbfx_sav
     00000004  ___bank_sound_gbfx_sav_32          sound_gbfx_sav
     00000004  ___bank_sound_gbfx_sav_33          sound_gbfx_sav
     00000004  ___bank_sound_gbfx_sav_34          sound_gbfx_sav
     00000004  ___bank_sound_gbfx_sav_35          sound_gbfx_sav
     00000004  ___bank_sound_gbfx_sav_36          sound_gbfx_sav
     00000004  ___bank_sound_gbfx_sav_37          sound_gbfx_sav
     00000004  ___bank_sound_gbfx_sav_38          sound_gbfx_sav
     00000004  ___bank_sound_gbfx_sav_39          sound_gbfx_sav
     00000004  ___bank_sound_gbfx_sav_40          sound_gbfx_sav
     00000004  ___bank_sound_gbfx_sav_41          sound_gbfx_sav
     00000004  ___bank_sound_gbfx_sav_42          sound_gbfx_sav
     00000004  ___bank_sound_gbfx_sav_43          sound_gbfx_sav
     00000004  ___bank_sound_gbfx_sav_44          sound_gbfx_sav
     00000004  ___bank_sound_gbfx_sav_45          sound_gbfx_sav
     00000004  ___bank_sound_gbfx_sav_46          sound_gbfx_sav
     00000004  ___bank_sound_gbfx_sav_47          sound_gbfx_sav
     00000004  ___bank_sound_gbfx_sav_48          sound_gbfx_sav
     00000004  l__CRASH_HEADER1                
     00000004  l__HEADER_SIO0                  
     00000004  l__HEADER_TIMER0                
     00000005  ___bank_ACTOR                      actor
     00000005  ___bank_VM_ACTOR                   vm_actor
     00000005  ___bank_bg_placeholder_tileset     bg_placeholder_tileset
     00000005  ___bank_sprite_generated           sprite_generated
     00000005  b_activate_actor                   actor
     00000005  b_activate_actors_in_col           actor
     00000005  b_activate_actors_in_row           actor
     00000005  b_actor_at_tile                    actor
     00000005  b_actor_get_frame_offset           actor
     00000005  b_actor_in_front_of_player         actor
     00000005  b_actor_overlapping_bb             actor
     00000005  b_actor_overlapping_player         actor
     00000005  b_actor_set_anim_idle              actor
     00000005  b_actor_set_anim_moving            actor
     00000005  b_actor_set_dir                    actor
     00000005  b_actor_set_frame_offset           actor
     00000005  b_actor_set_frames                 actor
     00000005  b_actors_handle_player_collision   actor
     00000005  b_actors_init                      actor
     00000005  b_check_collision_in_direction     actor
     00000005  b_deactivate_actor                 actor
     00000005  b_player_init                      actor
ASxxxx Linker V03.00 + NoICE + sdld,  page 6.
Hexadecimal  [32-Bits]

Area                                    Addr        Size        Decimal Bytes (Attributes)
--------------------------------        ----        ----        ------- ----- ------------
.  .ABS.                            00000000    00000000 =           0. bytes (ABS,CON)

      Value  Global                              Global Defined In Module
      -----  --------------------------------   ------------------------
     00000005  b_vm_actor_activate                vm_actor
     00000005  b_vm_actor_deactivate              vm_actor
     00000005  b_vm_actor_emote                   vm_actor
     00000005  b_vm_actor_get_angle               vm_actor
     00000005  b_vm_actor_get_anim_frame          vm_actor
     00000005  b_vm_actor_get_dir                 vm_actor
     00000005  b_vm_actor_get_pos                 vm_actor
     00000005  b_vm_actor_move_cancel             vm_actor
     00000005  b_vm_actor_move_to                 vm_actor
     00000005  b_vm_actor_replace_tile            vm_actor
     00000005  b_vm_actor_set_anim                vm_actor
     00000005  b_vm_actor_set_anim_frame          vm_actor
     00000005  b_vm_actor_set_anim_set            vm_actor
     00000005  b_vm_actor_set_anim_tick           vm_actor
     00000005  b_vm_actor_set_bounds              vm_actor
     00000005  b_vm_actor_set_dir                 vm_actor
     00000005  b_vm_actor_set_flags               vm_actor
     00000005  b_vm_actor_set_move_speed          vm_actor
     00000005  b_vm_actor_set_pos                 vm_actor
     00000005  b_vm_actor_set_spritesheet         vm_actor
     00000005  b_vm_actor_set_spritesheet_by_re   vm_actor
     00000005  b_vm_actor_terminate_update        vm_actor
     00000005  l__CRASH_HEADER0                
     00000005  l__HEADER1                      
     00000006  ___bank_bg_map_vert_1_snow_tilem   bg_map_vert_1_snow_tilemap
     00000006  ___bank_bg_map_vert_1_snow_tilem   bg_map_vert_1_snow_tilemap_a
     00000006  ___bank_bg_map_vert_2_snow_tilem   bg_map_vert_2_snow_tilemap
     00000006  ___bank_scene_16_init              scene_16_init
     00000006  b_core_reset                       core
     00000006  b_core_run                         core
     00000006  l__HEADER7                      
     00000007  ___bank_actor_57_interact          actor_57_interact
     00000007  ___bank_bg_cave_copy_1__tileset    bg_cave_copy_1__tileset
     00000007  ___bank_bg_map_vert_3_snow_tilem   bg_map_vert_3_snow_tilemap
     00000007  ___bank_scene_18_collisions        scene_18_collisions
     00000007  ___bank_scene_4_collisions         scene_4_collisions
     00000007  l__HEADER2                      
     00000008  ___bank_VM_UI                      vm_ui
     00000008  ___bank_font_gbs_variable_width    font_gbs_variable_width
     00000008  ___bank_scene_5_collisions         scene_5_collisions
     00000008  ___bank_scene_5_sprites            scene_5_sprites
     00000008  ___bank_scene_8_collisions         scene_8_collisions
     00000008  ___bank_sprite_player_platform_t   sprite_player_platform_tiles
     00000008  ___mute_mask_sound_gbfx_sav_16     sound_gbfx_sav
     00000008  ___mute_mask_sound_gbfx_sav_17     sound_gbfx_sav
     00000008  ___mute_mask_sound_gbfx_sav_18     sound_gbfx_sav
     00000008  ___mute_mask_sound_gbfx_sav_19     sound_gbfx_sav
     00000008  ___mute_mask_sound_gbfx_sav_20     sound_gbfx_sav
     00000008  ___mute_mask_sound_gbfx_sav_21     sound_gbfx_sav
     00000008  ___mute_mask_sound_gbfx_sav_22     sound_gbfx_sav
     00000008  ___mute_mask_sound_gbfx_sav_23     sound_gbfx_sav
ASxxxx Linker V03.00 + NoICE + sdld,  page 7.
Hexadecimal  [32-Bits]

Area                                    Addr        Size        Decimal Bytes (Attributes)
--------------------------------        ----        ----        ------- ----- ------------
.  .ABS.                            00000000    00000000 =           0. bytes (ABS,CON)

      Value  Global                              Global Defined In Module
      -----  --------------------------------   ------------------------
     00000008  ___mute_mask_sound_gbfx_sav_24     sound_gbfx_sav
     00000008  ___mute_mask_sound_gbfx_sav_25     sound_gbfx_sav
     00000008  ___mute_mask_sound_gbfx_sav_26     sound_gbfx_sav
     00000008  ___mute_mask_sound_gbfx_sav_27     sound_gbfx_sav
     00000008  ___mute_mask_sound_gbfx_sav_28     sound_gbfx_sav
     00000008  ___mute_mask_sound_gbfx_sav_29     sound_gbfx_sav
     00000008  ___mute_mask_sound_gbfx_sav_30     sound_gbfx_sav
     00000008  ___mute_mask_sound_gbfx_sav_31     sound_gbfx_sav
     00000008  ___mute_mask_sound_gbstudio_sfx_   sound_gbstudio_sfx_sav
     00000008  ___mute_mask_sound_gbstudio_sfx_   sound_gbstudio_sfx_sav
     00000008  ___mute_mask_sound_legacy_0        sound_legacy_0
     00000008  ___mute_mask_sound_legacy_1        sound_legacy_1
     00000008  ___mute_mask_sound_legacy_2        sound_legacy_2
     00000008  b_vm_choice                        vm_ui
     00000008  b_vm_display_text                  vm_ui
     00000008  b_vm_overlay_clear                 vm_ui
     00000008  b_vm_overlay_move_to               vm_ui
     00000008  b_vm_overlay_scroll                vm_ui
     00000008  b_vm_overlay_set_map               vm_ui
     00000008  b_vm_overlay_set_scroll            vm_ui
     00000008  b_vm_overlay_set_submap            vm_ui
     00000008  b_vm_overlay_set_submap_ex         vm_ui
     00000008  b_vm_overlay_setpos                vm_ui
     00000008  b_vm_overlay_show                  vm_ui
     00000008  b_vm_overlay_wait                  vm_ui
     00000008  b_vm_set_font                      vm_ui
     00000008  b_vm_set_text_sound                vm_ui
     00000008  b_vm_switch_text_layer             vm_ui
     00000008  l__HEADER3                      
     00000009  ___bank_bg_1map_tileset            bg_1map_tileset
     00000009  ___bank_bg_map3__tileset           bg_map3__tileset
     00000009  ___bank_bg_thinker_tailor_bard_s   bg_thinker_tailor_bard_shee_
     00000009  ___bank_song_rulz_lightmood_0_Da   song_rulz_lightmood_0_Data
     00000009  ___bank_trigger_10_interact        trigger_10_interact
     00000009  b_do_load_palette                  data_manager
     00000009  b_fade_applypalettechange          fade_manager
     00000009  b_fade_in                          fade_manager
     00000009  b_fade_in_modal                    fade_manager
     00000009  b_fade_init                        fade_manager
     00000009  b_fade_out                         fade_manager
     00000009  b_fade_out_modal                   fade_manager
     00000009  b_fade_setspeed                    fade_manager
     00000009  b_fade_update                      fade_manager
     00000009  b_load_background                  data_manager
     00000009  b_load_bkg_tileset                 data_manager
     00000009  b_load_bounds                      data_manager
     00000009  b_load_emote                       data_manager
     00000009  b_load_init                        data_manager
     00000009  b_load_player                      data_manager
     00000009  b_load_scene                       data_manager
     00000009  b_load_sprite                      data_manager
ASxxxx Linker V03.00 + NoICE + sdld,  page 8.
Hexadecimal  [32-Bits]

Area                                    Addr        Size        Decimal Bytes (Attributes)
--------------------------------        ----        ----        ------- ----- ------------
.  .ABS.                            00000000    00000000 =           0. bytes (ABS,CON)

      Value  Global                              Global Defined In Module
      -----  --------------------------------   ------------------------
     0000000A  ___bank_actor_30_interact          actor_30_interact
     0000000A  ___bank_bg_map3__tilemap           bg_map3__tilemap
     0000000A  ___bank_bg_map3__tilemap_attr      bg_map3__tilemap_attr
     0000000A  ___bank_scene_10_collisions        scene_10_collisions
     0000000A  ___bank_song_rulz_battletheme_0_   song_rulz_battletheme_0_Data
     0000000A  ___bank_song_rulz_fastpacespeedr   song_rulz_fastpacespeedrace_
     0000000A  ___mute_mask_sound_gbfx_sav_40     sound_gbfx_sav
     0000000A  ___mute_mask_sound_gbfx_sav_41     sound_gbfx_sav
     0000000A  ___mute_mask_sound_gbfx_sav_42     sound_gbfx_sav
     0000000A  ___mute_mask_sound_gbfx_sav_43     sound_gbfx_sav
     0000000A  ___mute_mask_sound_gbfx_sav_44     sound_gbfx_sav
     0000000A  ___mute_mask_sound_gbfx_sav_45     sound_gbfx_sav
     0000000A  ___mute_mask_sound_gbfx_sav_46     sound_gbfx_sav
     0000000A  ___mute_mask_sound_gbfx_sav_47     sound_gbfx_sav
     0000000A  ___mute_mask_sound_gbstudio_sfx_   sound_gbstudio_sfx_sav
     0000000A  b_adventure_init                   adventure
     0000000A  b_adventure_update                 adventure
     0000000B  ___bank_VM_GAMEBOY                 vm_gameboy
     0000000B  ___bank_bg_1map_tilemap            bg_1map_tilemap
     0000000B  ___bank_bg_1map_tilemap_attr       bg_1map_tilemap_attr
     0000000B  ___bank_bg_lvl_8_tilemap           bg_lvl_8_tilemap
     0000000B  ___bank_bg_superlarge_tilemap      bg_superlarge_tilemap
     0000000B  ___bank_song_rulz_undergroundcav   song_rulz_undergroundcave_0_
     0000000B  ___bank_sprite_hud                 sprite_hud
     0000000B  b_projectile_launch                projectiles
     0000000B  b_projectiles_init                 projectiles
     0000000B  b_scroll_init                      scroll
     0000000B  b_scroll_repaint                   scroll
     0000000B  b_scroll_reset                     scroll
     0000000B  b_scroll_update                    scroll
     0000000B  b_shmup_init                       shmup
     0000000B  b_shmup_update                     shmup
     0000000B  b_topdown_init                     topdown
     0000000B  b_topdown_update                   topdown
     0000000B  b_vm_context_prepare               vm_gameboy
     0000000B  b_vm_fade                          vm_gameboy
     0000000B  b_vm_get_tile_xy                   vm_gameboy
     0000000B  b_vm_input_attach                  vm_gameboy
     0000000B  b_vm_input_detach                  vm_gameboy
     0000000B  b_vm_input_get                     vm_gameboy
     0000000B  b_vm_input_wait                    vm_gameboy
     0000000B  b_vm_load_tiles                    vm_gameboy
     0000000B  b_vm_load_tileset                  vm_gameboy
     0000000B  b_vm_poll                          vm_gameboy
     0000000B  b_vm_replace_tile                  vm_gameboy
     0000000B  b_vm_replace_tile_xy               vm_gameboy
     0000000B  b_vm_rumble                        vm_gameboy
     0000000B  b_vm_set_sprite_mode               vm_gameboy
     0000000B  b_vm_set_sprites_visible           vm_gameboy
     0000000B  b_vm_timer_prepare                 vm_gameboy
     0000000B  b_vm_timer_reset                   vm_gameboy
ASxxxx Linker V03.00 + NoICE + sdld,  page 9.
Hexadecimal  [32-Bits]

Area                                    Addr        Size        Decimal Bytes (Attributes)
--------------------------------        ----        ----        ------- ----- ------------
.  .ABS.                            00000000    00000000 =           0. bytes (ABS,CON)

      Value  Global                              Global Defined In Module
      -----  --------------------------------   ------------------------
     0000000B  b_vm_timer_set                     vm_gameboy
     0000000B  b_vm_timer_stop                    vm_gameboy
     0000000C  ___bank_VM_SIO                     vm_sio
     0000000C  ___bank_actor_6_interact           actor_6_interact
     0000000C  ___bank_bg_lvl_9_tileset           bg_lvl_9_tileset
     0000000C  ___bank_bg_titlescreen_tileset     bg_titlescreen_tileset
     0000000C  ___bank_scene_13_collisions        scene_13_collisions
     0000000C  ___bank_scene_14_collisions        scene_14_collisions
     0000000C  ___bank_scene_9_collisions         scene_9_collisions
     0000000C  ___bank_song_drum_example_Data     song_drum_example_Data
     0000000C  ___bank_song_echo_example_Data     song_echo_example_Data
     0000000C  ___bank_song_rulz_outside_0_Data   song_rulz_outside_0_Data
     0000000C  b_SIO_init                         sio
     0000000C  b_data_clear                       load_save
     0000000C  b_data_init                        load_save
     0000000C  b_data_load                        load_save
     0000000C  b_data_peek                        load_save
     0000000C  b_data_save                        load_save
     0000000C  b_gbprinter_detect                 gbprinter
     0000000C  b_gbprinter_print_overlay          gbprinter
     0000000C  b_trigger_activate_at              trigger
     0000000C  b_trigger_activate_at_intersecti   trigger
     0000000C  b_trigger_at_intersection          trigger
     0000000C  b_trigger_at_tile                  trigger
     0000000C  b_trigger_interact                 trigger
     0000000C  b_trigger_reset                    trigger
     0000000C  b_vm_sio_exchange                  vm_sio
     0000000C  b_vm_sio_set_mode                  vm_sio
     0000000D  ___bank_VM_CAMERA                  vm_camera
     0000000D  ___bank_VM_GBPRINTER               vm_gbprinter
     0000000D  ___bank_VM_PALETTE                 vm_palette
     0000000D  ___bank_bg_cave_copy_1__tilemap    bg_cave_copy_1__tilemap
     0000000D  ___bank_bg_cave_copy_1__tilemap_   bg_cave_copy_1__tilemap_attr
     0000000D  ___bank_bg_fallmap_tileset         bg_fallmap_tileset
     0000000D  ___bank_bg_house_wide_tilemap      bg_house_wide_tilemap
     0000000D  ___bank_bg_house_wide_tilemap_at   bg_house_wide_tilemap_attr
     0000000D  ___bank_bg_lvl_8_tileset           bg_lvl_8_tileset
     0000000D  ___bank_bg_map_vert_1_snow_tiles   bg_map_vert_1_snow_tileset
     0000000D  ___bank_bg_map_vert_2_snow_tiles   bg_map_vert_2_snow_tileset
     0000000D  ___bank_bg_map_vert_3_snow_tiles   bg_map_vert_3_snow_tileset
     0000000D  ___bank_bg_menu_2_tilemap          bg_menu_2_tilemap
     0000000D  ___bank_bg_placeholder_tilemap     bg_placeholder_tilemap
     0000000D  ___bank_bg_thinker_tailor_bard_s   bg_thinker_tailor_bard_shee_
     0000000D  ___bank_bg_titlescreen_tilemap     bg_titlescreen_tilemap
     0000000D  ___bank_bg_titlescreen_tilemap_a   bg_titlescreen_tilemap_attr
     0000000D  ___bank_scene_11_collisions        scene_11_collisions
     0000000D  ___bank_scene_12_collisions        scene_12_collisions
     0000000D  ___bank_scene_16_collisions        scene_16_collisions
     0000000D  ___bank_scene_18_actors            scene_18_actors
     0000000D  ___bank_scene_4_actors             scene_4_actors
     0000000D  ___bank_scene_6_actors             scene_6_actors
ASxxxx Linker V03.00 + NoICE + sdld,  page 10.
Hexadecimal  [32-Bits]

Area                                    Addr        Size        Decimal Bytes (Attributes)
--------------------------------        ----        ----        ------- ----- ------------
.  .ABS.                            00000000    00000000 =           0. bytes (ABS,CON)

      Value  Global                              Global Defined In Module
      -----  --------------------------------   ------------------------
     0000000D  ___bank_scene_6_collisions         scene_6_collisions
     0000000D  ___bank_scene_7_collisions         scene_7_collisions
     0000000D  ___bank_scene_logo_collisions      scene_logo_collisions
     0000000D  ___bank_scene_title_screen_colli   scene_title_screen_collision
     0000000D  ___bank_sound_gbstudio_sfx_sav_0   sound_gbstudio_sfx_sav
     0000000D  ___bank_sound_gbstudio_sfx_sav_0   sound_gbstudio_sfx_sav
     0000000D  ___bank_sound_gbstudio_sfx_sav_0   sound_gbstudio_sfx_sav
     0000000D  ___bank_sound_gbstudio_sfx_sav_0   sound_gbstudio_sfx_sav
     0000000D  ___bank_sound_gbstudio_sfx_sav_0   sound_gbstudio_sfx_sav
     0000000D  ___bank_sound_gbstudio_sfx_sav_0   sound_gbstudio_sfx_sav
     0000000D  ___bank_sound_gbstudio_sfx_sav_0   sound_gbstudio_sfx_sav
     0000000D  ___bank_sound_gbstudio_sfx_sav_0   sound_gbstudio_sfx_sav
     0000000D  ___bank_sound_gbstudio_sfx_sav_0   sound_gbstudio_sfx_sav
     0000000D  ___bank_sound_gbstudio_sfx_sav_0   sound_gbstudio_sfx_sav
     0000000D  ___bank_sprite_npc004_sheet_tile   sprite_npc004_sheet_tileset
     0000000D  ___bank_sprite_player_platform     sprite_player_platform
     0000000D  ___bank_sprite_player_tileset      sprite_player_tileset
     0000000D  b___HandleCrash_banked             
     0000000D  b_camera_shake_frames              vm_camera
     0000000D  b_pointnclick_init                 pointnclick
     0000000D  b_pointnclick_update               pointnclick
     0000000D  b_set_sgb_border                   sgb_border
     0000000D  b_vm_camera_move_to                vm_camera
     0000000D  b_vm_camera_set_pos                vm_camera
     0000000D  b_vm_load_palette                  vm_palette
     0000000D  b_vm_print_detect                  vm_gbprinter
     0000000D  b_vm_print_overlay                 vm_gbprinter
     0000000E  ___bank_VM_MATH                    vm_math
     0000000E  ___bank_VM_MUSIC                   vm_music
     0000000E  ___bank_actor_10_update            actor_10_update
     0000000E  ___bank_actor_12_update            actor_12_update
     0000000E  ___bank_actor_13_update            actor_13_update
     0000000E  ___bank_actor_32_interact          actor_32_interact
     0000000E  ___bank_actor_4_interact           actor_4_interact
     0000000E  ___bank_actor_52_update            actor_52_update
     0000000E  ___bank_actor_54_interact          actor_54_interact
     0000000E  ___bank_actor_58_interact          actor_58_interact
     0000000E  ___bank_actor_59_interact          actor_59_interact
     0000000E  ___bank_actor_60_interact          actor_60_interact
     0000000E  ___bank_actor_61_interact          actor_61_interact
     0000000E  ___bank_scene_16_actors            scene_16_actors
     0000000E  ___bank_scene_17_actors            scene_17_actors
     0000000E  ___bank_scene_17_sprites           scene_17_sprites
     0000000E  ___bank_scene_5_actors             scene_5_actors
     0000000E  ___bank_scene_8_actors             scene_8_actors
     0000000E  ___bank_scene_title_screen_init    scene_title_screen_init
     0000000E  ___bank_sprite_cursor_tileset      sprite_cursor_tileset
     0000000E  ___bank_sprite_fire_skull_animat   sprite_fire_skull_animation_
     0000000E  ___bank_sprite_fire_tileset        sprite_fire_tileset
     0000000E  ___bank_sprite_generated_tileset   sprite_generated_tileset
     0000000E  ___bank_sprite_skelet_tileset      sprite_skelet_tileset
ASxxxx Linker V03.00 + NoICE + sdld,  page 11.
Hexadecimal  [32-Bits]

Area                                    Addr        Size        Decimal Bytes (Attributes)
--------------------------------        ----        ----        ------- ----- ------------
.  .ABS.                            00000000    00000000 =           0. bytes (ABS,CON)

      Value  Global                              Global Defined In Module
      -----  --------------------------------   ------------------------
     0000000E  ___bank_sprite_torch2_tileset      sprite_torch2_tileset
     0000000E  ___bank_trigger_0_interact         trigger_0_interact
     0000000E  ___bank_trigger_11_interact        trigger_11_interact
     0000000E  ___bank_trigger_2_interact         trigger_2_interact
     0000000E  ___bank_trigger_3_interact         trigger_3_interact
     0000000E  ___bank_trigger_42_interact        trigger_42_interact
     0000000E  ___bank_trigger_4_interact         trigger_4_interact
     0000000E  ___bank_trigger_5_interact         trigger_5_interact
     0000000E  ___bank_trigger_62_interact        trigger_62_interact
     0000000E  ___bank_trigger_63_interact        trigger_63_interact
     0000000E  ___bank_trigger_64_interact        trigger_64_interact
     0000000E  ___bank_trigger_65_interact        trigger_65_interact
     0000000E  ___bank_trigger_66_interact        trigger_66_interact
     0000000E  ___bank_trigger_67_interact        trigger_67_interact
     0000000E  ___bank_trigger_68_interact        trigger_68_interact
     0000000E  ___bank_trigger_69_interact        trigger_69_interact
     0000000E  ___bank_trigger_6_interact         trigger_6_interact
     0000000E  ___bank_trigger_70_interact        trigger_70_interact
     0000000E  ___bank_trigger_71_interact        trigger_71_interact
     0000000E  ___bank_trigger_72_interact        trigger_72_interact
     0000000E  ___bank_trigger_73_interact        trigger_73_interact
     0000000E  ___bank_trigger_74_interact        trigger_74_interact
     0000000E  ___bank_trigger_75_interact        trigger_75_interact
     0000000E  ___bank_trigger_76_interact        trigger_76_interact
     0000000E  ___bank_trigger_77_interact        trigger_77_interact
     0000000E  ___bank_trigger_78_interact        trigger_78_interact
     0000000E  ___bank_trigger_79_interact        trigger_79_interact
     0000000E  ___bank_trigger_80_interact        trigger_80_interact
     0000000E  ___bank_trigger_81_interact        trigger_81_interact
     0000000E  ___bank_trigger_83_interact        trigger_83_interact
     0000000E  ___bank_trigger_84_interact        trigger_84_interact
     0000000E  ___bank_trigger_85_interact        trigger_85_interact
     0000000E  ___bank_trigger_86_interact        trigger_86_interact
     0000000E  ___bank_trigger_87_interact        trigger_87_interact
     0000000E  ___bank_trigger_88_interact        trigger_88_interact
     0000000E  ___bank_trigger_89_interact        trigger_89_interact
     0000000E  b_erase_flash                      
     0000000E  b_save_sram_banks                  
     0000000E  b_vm_cos_scale                     vm_math
     0000000E  b_vm_music_mute                    vm_music
     0000000E  b_vm_music_play                    vm_music
     0000000E  b_vm_music_routine                 vm_music
     0000000E  b_vm_music_setpos                  vm_music
     0000000E  b_vm_music_stop                    vm_music
     0000000E  b_vm_sfx_play                      vm_music
     0000000E  b_vm_sin_scale                     vm_math
     0000000E  b_vm_sound_mastervol               vm_music
     0000000F  ___bank_VM_LOAD_SAVE               vm_load_save
     0000000F  ___bank_VM_RTC                     vm_rtc
     0000000F  ___bank_VM_SCENE                   vm_scene
     0000000F  ___bank_actor_0_interact           actor_0_interact
ASxxxx Linker V03.00 + NoICE + sdld,  page 12.
Hexadecimal  [32-Bits]

Area                                    Addr        Size        Decimal Bytes (Attributes)
--------------------------------        ----        ----        ------- ----- ------------
.  .ABS.                            00000000    00000000 =           0. bytes (ABS,CON)

      Value  Global                              Global Defined In Module
      -----  --------------------------------   ------------------------
     0000000F  ___bank_actor_0_update             actor_0_update
     0000000F  ___bank_actor_1_interact           actor_1_interact
     0000000F  ___bank_actor_1_update             actor_1_update
     0000000F  ___bank_actor_21_interact          actor_21_interact
     0000000F  ___bank_actor_26_interact          actor_26_interact
     0000000F  ___bank_actor_27_interact          actor_27_interact
     0000000F  ___bank_actor_29_interact          actor_29_interact
     0000000F  ___bank_actor_2_interact           actor_2_interact
     0000000F  ___bank_actor_33_interact          actor_33_interact
     0000000F  ___bank_actor_34_interact          actor_34_interact
     0000000F  ___bank_actor_35_interact          actor_35_interact
     0000000F  ___bank_actor_36_interact          actor_36_interact
     0000000F  ___bank_actor_37_interact          actor_37_interact
     0000000F  ___bank_actor_38_interact          actor_38_interact
     0000000F  ___bank_actor_39_interact          actor_39_interact
     0000000F  ___bank_actor_3_interact           actor_3_interact
     0000000F  ___bank_actor_3_update             actor_3_update
     0000000F  ___bank_actor_40_interact          actor_40_interact
     0000000F  ___bank_actor_45_interact          actor_45_interact
     0000000F  ___bank_actor_46_interact          actor_46_interact
     0000000F  ___bank_actor_50_interact          actor_50_interact
     0000000F  ___bank_actor_55_interact          actor_55_interact
     0000000F  ___bank_actor_5_interact           actor_5_interact
     0000000F  ___bank_actor_5_update             actor_5_update
     0000000F  ___bank_actor_62_interact          actor_62_interact
     0000000F  ___bank_actor_8_interact           actor_8_interact
     0000000F  ___bank_avatar_font_0              avatar_font_0
     0000000F  ___bank_bg_house_wide_tileset      bg_house_wide_tileset
     0000000F  ___bank_frame_image                frame_image
     0000000F  ___bank_palette_0                  palette_0
     0000000F  ___bank_palette_1                  palette_1
     0000000F  ___bank_palette_2                  palette_2
     0000000F  ___bank_scene_10                   scene_10
     0000000F  ___bank_scene_10_actors            scene_10_actors
     0000000F  ___bank_scene_11_triggers          scene_11_triggers
     0000000F  ___bank_scene_13_actors            scene_13_actors
     0000000F  ___bank_scene_14_actors            scene_14_actors
     0000000F  ___bank_scene_15_actors            scene_15_actors
     0000000F  ___bank_scene_16_p_hit1            scene_16_p_hit1
     0000000F  ___bank_scene_17_init              scene_17_init
     0000000F  ___bank_scene_17_triggers          scene_17_triggers
     0000000F  ___bank_scene_18_init              scene_18_init
     0000000F  ___bank_scene_5_triggers           scene_5_triggers
     0000000F  ___bank_scene_7_actors             scene_7_actors
     0000000F  ___bank_scene_8_init               scene_8_init
     0000000F  ___bank_scene_8_p_hit1             scene_8_p_hit1
     0000000F  ___bank_scene_9_actors             scene_9_actors
     0000000F  ___bank_scene_logo_init            scene_logo_init
     0000000F  ___bank_script_12                  script_12
     0000000F  ___bank_script_engine_init         
     0000000F  ___bank_script_turnip_collisions   script_turnip_collisions
ASxxxx Linker V03.00 + NoICE + sdld,  page 13.
Hexadecimal  [32-Bits]

Area                                    Addr        Size        Decimal Bytes (Attributes)
--------------------------------        ----        ----        ------- ----- ------------
.  .ABS.                            00000000    00000000 =           0. bytes (ABS,CON)

      Value  Global                              Global Defined In Module
      -----  --------------------------------   ------------------------
     0000000F  ___bank_sprite_cat_tileset         sprite_cat_tileset
     0000000F  ___bank_sprite_chest               sprite_chest
     0000000F  ___bank_sprite_chest_tileset       sprite_chest_tileset
     0000000F  ___bank_sprite_coins_tileset       sprite_coins_tileset
     0000000F  ___bank_sprite_cursor              sprite_cursor
     0000000F  ___bank_sprite_fire                sprite_fire
     0000000F  ___bank_sprite_fire_skull_animat   sprite_fire_skull_animation
     0000000F  ___bank_sprite_girl                sprite_girl
     0000000F  ___bank_sprite_girl_tileset        sprite_girl_tileset
     0000000F  ___bank_sprite_heart               sprite_heart
     0000000F  ___bank_sprite_key_tileset         sprite_key_tileset
     0000000F  ___bank_sprite_npc001              sprite_npc001
     0000000F  ___bank_sprite_npc001_tileset      sprite_npc001_tileset
     0000000F  ___bank_sprite_npc004_sheet        sprite_npc004_sheet
     0000000F  ___bank_sprite_player              sprite_player
     0000000F  ___bank_sprite_radio_tileset       sprite_radio_tileset
     0000000F  ___bank_sprite_rock_tileset        sprite_rock_tileset
     0000000F  ___bank_sprite_savepoint_tileset   sprite_savepoint_tileset
     0000000F  ___bank_sprite_skelet              sprite_skelet
     0000000F  ___bank_sprite_torch2              sprite_torch2
     0000000F  ___bank_trigger_19_interact        trigger_19_interact
     0000000F  ___bank_trigger_20_interact        trigger_20_interact
     0000000F  ___bank_trigger_21_interact        trigger_21_interact
     0000000F  ___bank_trigger_22_interact        trigger_22_interact
     0000000F  ___bank_trigger_23_interact        trigger_23_interact
     0000000F  ___bank_trigger_24_interact        trigger_24_interact
     0000000F  ___bank_trigger_25_interact        trigger_25_interact
     0000000F  ___bank_trigger_26_interact        trigger_26_interact
     0000000F  ___bank_trigger_27_interact        trigger_27_interact
     0000000F  ___bank_trigger_28_interact        trigger_28_interact
     0000000F  ___bank_trigger_47_interact        trigger_47_interact
     0000000F  ___bank_trigger_49_interact        trigger_49_interact
     0000000F  ___bank_trigger_50_interact        trigger_50_interact
     0000000F  ___bank_trigger_51_interact        trigger_51_interact
     0000000F  ___bank_trigger_52_interact        trigger_52_interact
     0000000F  ___bank_trigger_54_interact        trigger_54_interact
     0000000F  ___bank_trigger_55_interact        trigger_55_interact
     0000000F  ___bank_trigger_56_interact        trigger_56_interact
     0000000F  ___bank_trigger_58_interact        trigger_58_interact
     0000000F  ___bank_trigger_59_interact        trigger_59_interact
     0000000F  ___bank_trigger_9_interact         trigger_9_interact
     0000000F  b_CGBZeroPalette                   palette
     0000000F  b_events_init                      events
     0000000F  b_itoa_fmt                         vm_ui_a
     0000000F  b_music_events_poll                music_manager
     0000000F  b_music_init_driver                music_manager
     0000000F  b_music_init_events                music_manager
     0000000F  b_palette_init                     palette
     0000000F  b_restore_sram                     flasher
     0000000F  b_restore_sram_bank                flasher
     0000000F  b_save_sram                        flasher
ASxxxx Linker V03.00 + NoICE + sdld,  page 14.
Hexadecimal  [32-Bits]

Area                                    Addr        Size        Decimal Bytes (Attributes)
--------------------------------        ----        ----        ------- ----- ------------
.  .ABS.                            00000000    00000000 =           0. bytes (ABS,CON)

      Value  Global                              Global Defined In Module
      -----  --------------------------------   ------------------------
     0000000F  b_timers_init                      events
     0000000F  b_vm_rtc_get                       vm_rtc
     0000000F  b_vm_rtc_latch                     vm_rtc
     0000000F  b_vm_rtc_set                       vm_rtc
     0000000F  b_vm_rtc_start                     vm_rtc
     0000000F  b_vm_save_clear                    vm_load_save
     0000000F  b_vm_save_peek                     vm_load_save
     0000000F  b_vm_scene_pop                     vm_scene
     0000000F  b_vm_scene_pop_all                 vm_scene
     0000000F  b_vm_scene_push                    vm_scene
     0000000F  b_vm_scene_stack_reset             vm_scene
     00000010  ___bank_actor_28_interact          actor_28_interact
     00000010  ___bank_actor_41_interact          actor_41_interact
     00000010  ___bank_actor_42_interact          actor_42_interact
     00000010  ___bank_actor_48_interact          actor_48_interact
     00000010  ___bank_actor_7_interact           actor_7_interact
     00000010  ___bank_bg_cave_copy_1_            bg_cave_copy_1_
     00000010  ___bank_bg_fallmap                 bg_fallmap
     00000010  ___bank_bg_house_wide              bg_house_wide
     00000010  ___bank_bg_lvl_8                   bg_lvl_8
     00000010  ___bank_bg_lvl_9                   bg_lvl_9
     00000010  ___bank_bg_map3_                   bg_map3_
     00000010  ___bank_bg_map_vert_1_snow         bg_map_vert_1_snow
     00000010  ___bank_bg_map_vert_2_snow         bg_map_vert_2_snow
     00000010  ___bank_bg_map_vert_3_snow         bg_map_vert_3_snow
     00000010  ___bank_bg_menu_2                  bg_menu_2
     00000010  ___bank_bg_placeholder             bg_placeholder
     00000010  ___bank_bg_superlarge              bg_superlarge
     00000010  ___bank_bg_thinker_tailor_bard_s   bg_thinker_tailor_bard_shee
     00000010  ___bank_bg_titlescreen             bg_titlescreen
     00000010  ___bank_bootstrap_script           
     00000010  ___bank_cursor_image               cursor_image
     00000010  ___bank_scene_10_init              scene_10_init
     00000010  ___bank_scene_10_triggers          scene_10_triggers
     00000010  ___bank_scene_11                   scene_11
     00000010  ___bank_scene_11_init              scene_11_init
     00000010  ___bank_scene_12                   scene_12
     00000010  ___bank_scene_12_actors            scene_12_actors
     00000010  ___bank_scene_12_init              scene_12_init
     00000010  ___bank_scene_13                   scene_13
     00000010  ___bank_scene_13_init              scene_13_init
     00000010  ___bank_scene_13_sprites           scene_13_sprites
     00000010  ___bank_scene_13_triggers          scene_13_triggers
     00000010  ___bank_scene_14                   scene_14
     00000010  ___bank_scene_14_init              scene_14_init
     00000010  ___bank_scene_14_sprites           scene_14_sprites
     00000010  ___bank_scene_14_triggers          scene_14_triggers
     00000010  ___bank_scene_15                   scene_15
     00000010  ___bank_scene_15_init              scene_15_init
     00000010  ___bank_scene_15_triggers          scene_15_triggers
     00000010  ___bank_scene_16                   scene_16
ASxxxx Linker V03.00 + NoICE + sdld,  page 15.
Hexadecimal  [32-Bits]

Area                                    Addr        Size        Decimal Bytes (Attributes)
--------------------------------        ----        ----        ------- ----- ------------
.  .ABS.                            00000000    00000000 =           0. bytes (ABS,CON)

      Value  Global                              Global Defined In Module
      -----  --------------------------------   ------------------------
     00000010  ___bank_scene_16_sprites           scene_16_sprites
     00000010  ___bank_scene_16_triggers          scene_16_triggers
     00000010  ___bank_scene_17                   scene_17
     00000010  ___bank_scene_18                   scene_18
     00000010  ___bank_scene_18_sprites           scene_18_sprites
     00000010  ___bank_scene_18_triggers          scene_18_triggers
     00000010  ___bank_scene_4                    scene_4
     00000010  ___bank_scene_4_init               scene_4_init
     00000010  ___bank_scene_4_sprites            scene_4_sprites
     00000010  ___bank_scene_4_triggers           scene_4_triggers
     00000010  ___bank_scene_5                    scene_5
     00000010  ___bank_scene_5_init               scene_5_init
     00000010  ___bank_scene_6                    scene_6
     00000010  ___bank_scene_6_init               scene_6_init
     00000010  ___bank_scene_6_sprites            scene_6_sprites
     00000010  ___bank_scene_6_triggers           scene_6_triggers
     00000010  ___bank_scene_7                    scene_7
     00000010  ___bank_scene_7_init               scene_7_init
     00000010  ___bank_scene_7_sprites            scene_7_sprites
     00000010  ___bank_scene_8                    scene_8
     00000010  ___bank_scene_8_sprites            scene_8_sprites
     00000010  ___bank_scene_8_triggers           scene_8_triggers
     00000010  ___bank_scene_9                    scene_9
     00000010  ___bank_scene_9_init               scene_9_init
     00000010  ___bank_scene_9_sprites            scene_9_sprites
     00000010  ___bank_scene_9_triggers           scene_9_triggers
     00000010  ___bank_scene_logo                 scene_logo
     00000010  ___bank_scene_title_screen         scene_title_screen
     00000010  ___bank_script_input_0             script_input_0
     00000010  ___bank_script_input_1             script_input_1
     00000010  ___bank_script_input_10            script_input_10
     00000010  ___bank_script_input_11            script_input_11
     00000010  ___bank_script_input_12            script_input_12
     00000010  ___bank_script_input_2             script_input_2
     00000010  ___bank_script_input_3             script_input_3
     00000010  ___bank_script_input_4             script_input_4
     00000010  ___bank_script_input_5             script_input_5
     00000010  ___bank_script_input_6             script_input_6
     00000010  ___bank_script_input_7             script_input_7
     00000010  ___bank_script_input_8             script_input_8
     00000010  ___bank_script_input_9             script_input_9
     00000010  ___bank_sound_legacy_0             sound_legacy_0
     00000010  ___bank_sound_legacy_1             sound_legacy_1
     00000010  ___bank_sound_legacy_2             sound_legacy_2
     00000010  ___bank_sprite_cat                 sprite_cat
     00000010  ___bank_sprite_coins               sprite_coins
     00000010  ___bank_sprite_heart_tileset       sprite_heart_tileset
     00000010  ___bank_sprite_key                 sprite_key
     00000010  ___bank_sprite_radio               sprite_radio
     00000010  ___bank_sprite_rock                sprite_rock
     00000010  ___bank_sprite_savepoint           sprite_savepoint
ASxxxx Linker V03.00 + NoICE + sdld,  page 16.
Hexadecimal  [32-Bits]

Area                                    Addr        Size        Decimal Bytes (Attributes)
--------------------------------        ----        ----        ------- ----- ------------
.  .ABS.                            00000000    00000000 =           0. bytes (ABS,CON)

      Value  Global                              Global Defined In Module
      -----  --------------------------------   ------------------------
     00000010  ___bank_sprite_signpost            sprite_signpost
     00000010  ___bank_sprite_signpost_tileset    sprite_signpost_tileset
     00000010  ___bank_sprite_skull_3_sheet       sprite_skull_3_sheet
     00000010  ___bank_sprite_skull_3_sheet_til   sprite_skull_3_sheet_tileset
     00000010  ___bank_sprite_spikes              sprite_spikes
     00000010  ___bank_sprite_spikes_tileset      sprite_spikes_tileset
     00000010  ___bank_spritesheet_none           spritesheet_none
     00000010  ___bank_trigger_12_interact        trigger_12_interact
     00000010  ___bank_trigger_13_interact        trigger_13_interact
     00000010  ___bank_trigger_14_interact        trigger_14_interact
     00000010  ___bank_trigger_15_interact        trigger_15_interact
     00000010  ___bank_trigger_16_interact        trigger_16_interact
     00000010  ___bank_trigger_17_interact        trigger_17_interact
     00000010  ___bank_trigger_18_interact        trigger_18_interact
     00000010  ___bank_trigger_1_interact         trigger_1_interact
     00000010  ___bank_trigger_29_interact        trigger_29_interact
     00000010  ___bank_trigger_30_interact        trigger_30_interact
     00000010  ___bank_trigger_31_interact        trigger_31_interact
     00000010  ___bank_trigger_32_interact        trigger_32_interact
     00000010  ___bank_trigger_33_interact        trigger_33_interact
     00000010  ___bank_trigger_34_interact        trigger_34_interact
     00000010  ___bank_trigger_35_interact        trigger_35_interact
     00000010  ___bank_trigger_36_interact        trigger_36_interact
     00000010  ___bank_trigger_37_interact        trigger_37_interact
     00000010  ___bank_trigger_38_interact        trigger_38_interact
     00000010  ___bank_trigger_43_interact        trigger_43_interact
     00000010  ___bank_trigger_48_interact        trigger_48_interact
     00000010  ___bank_trigger_53_interact        trigger_53_interact
     00000010  ___bank_trigger_57_interact        trigger_57_interact
     00000010  ___bank_trigger_60_interact        trigger_60_interact
     00000010  ___bank_trigger_61_interact        trigger_61_interact
     00000010  ___bank_trigger_7_interact         trigger_7_interact
     00000010  ___bank_trigger_8_interact         trigger_8_interact
     00000010  ___bank_trigger_90_interact        trigger_90_interact
     00000010  b_camera_init                      camera
     00000010  b_camera_reset                     camera
     00000010  b_input_init                       input
     00000010  b_logo_init                        logo
     00000010  b_logo_update                      logo
     00000010  b_parallax_init                    parallax
     00000010  b_remove_LCD_ISRs                  interrupts
     00000010  b_scroll_rect                      
     00000011  l__EHL_TRAMPOLINE0              
     00000019  l__INITIALIZED                  
     00000019  l__INITIALIZER                  
     0000001C  __start_save                    
     00000027  l__GSINIT                       
     00000030  l__HEADER6                      
     0000004E  l__HEADER4                      
     00000082  l__HEADER10                     
     000001CB  l__CRASH_SCRATCH2               
ASxxxx Linker V03.00 + NoICE + sdld,  page 17.
Hexadecimal  [32-Bits]

Area                                    Addr        Size        Decimal Bytes (Attributes)
--------------------------------        ----        ----        ------- ----- ------------
.  .ABS.                            00000000    00000000 =           0. bytes (ABS,CON)

      Value  Global                              Global Defined In Module
      -----  --------------------------------   ------------------------
     00000200  s__CODE                         
     00000C51  l__CODE                         
     00000E51  s__HOME                         
     0000123E  l__CODE_16                      
     00001A12  l__DATA                         
     00002000  _rROMB0                            
     00002C81  l__HOME                         
     00003000  _rROMB1                            
     00003AD2  s__BASE                         
     00003AD2  s__CODE_0                       
     00003AD2  s__INITIALIZER                  
     00003AD2  s__LIT                          
     00003AEB  s__GSINIT                       
     00003B12  s__GSFINAL                      
     00003FFB  l__CODE_13                      
     00003FFB  l__CODE_7                       
     00003FFC  l__CODE_11                      
     00003FFD  l__CODE_5                       
     00003FFE  l__CODE_14                      
     00003FFE  l__CODE_3                       
     00003FFF  l__CODE_10                      
     00003FFF  l__CODE_12                      
     00003FFF  l__CODE_15                      
     00003FFF  l__CODE_2                       
     00004000  _RTC_SELECT_REG                    vm_rtc
     00004000  _rRAMB                             
     00004000  l__CODE_1                       
     00004000  l__CODE_4                       
     00004000  l__CODE_6                       
     00004000  l__CODE_8                       
     00004000  l__CODE_9                       
     00006000  _RTC_LATCH_REG                     vm_rtc
     00008000  __VRAM                             
     00008000  __VRAM8000                         
     00008800  __VRAM8800                         
     00009000  __VRAM9000                         
     00009800  __SCRN0                            
     00009C00  __SCRN1                            
     0000A000  _RTC_VALUE_REG                     vm_rtc
     0000A000  __SRAM                             
     0000C000  __RAM                              
     0000C000  _shadow_OAM                     
     0000C0A0  s__DATA                         
     0000D000  __RAMBANK                          
     0000DAB2  s__BSS                          
     0000DAB2  s__INITIALIZED                  
     0000DACB  s__HEAP                         
     0000DF00  .STACK                          
     0000DF00  _shadow_OAM2                       absolute
     0000DFA0  _BkgPalette                        absolute
     0000DFE0  _vwf_tile_data                     absolute
ASxxxx Linker V03.00 + NoICE + sdld,  page 18.
Hexadecimal  [32-Bits]

Area                                    Addr        Size        Decimal Bytes (Attributes)
--------------------------------        ----        ----        ------- ----- ------------
.  .ABS.                            00000000    00000000 =           0. bytes (ABS,CON)

      Value  Global                              Global Defined In Module
      -----  --------------------------------   ------------------------
     0000FE00  __OAMRAM                           
     0000FF00  _P1_REG                            
     0000FF00  __IO                               
     0000FF01  _SB_REG                            
     0000FF02  _SC_REG                            
     0000FF04  _DIV_REG                           
     0000FF05  _TIMA_REG                          
     0000FF06  _TMA_REG                           
     0000FF07  _TAC_REG                           
     0000FF0F  _IF_REG                            
     0000FF10  _NR10_REG                          
     0000FF11  _NR11_REG                          
     0000FF12  _NR12_REG                          
     0000FF13  _NR13_REG                          
     0000FF14  _NR14_REG                          
     0000FF16  _NR21_REG                          
     0000FF17  _NR22_REG                          
     0000FF18  _NR23_REG                          
     0000FF19  _NR24_REG                          
     0000FF1A  _NR30_REG                          
     0000FF1B  _NR31_REG                          
     0000FF1C  _NR32_REG                          
     0000FF1D  _NR33_REG                          
     0000FF1E  _NR34_REG                          
     0000FF20  _NR41_REG                          
     0000FF21  _NR42_REG                          
     0000FF22  _NR43_REG                          
     0000FF23  _NR44_REG                          
     0000FF24  _NR50_REG                          
     0000FF25  _NR51_REG                          
     0000FF26  _NR52_REG                          
     0000FF30  _AUD3WAVE                          
     0000FF30  _PCM_SAMPLE                        
     0000FF30  __AUD3WAVERAM                      
     0000FF40  _LCDC_REG                          
     0000FF41  _STAT_REG                          
     0000FF42  _SCY_REG                           
     0000FF43  _SCX_REG                           
     0000FF44  _LY_REG                            
     0000FF45  _LYC_REG                           
     0000FF46  _DMA_REG                           
     0000FF47  _BGP_REG                           
     0000FF48  _OBP0_REG                          
     0000FF49  _OBP1_REG                          
     0000FF4A  _WY_REG                            
     0000FF4B  _WX_REG                            
     0000FF4D  _KEY1_REG                          
     0000FF4F  _VBK_REG                           
     0000FF51  _HDMA1_REG                         
     0000FF52  _HDMA2_REG                         
     0000FF53  _HDMA3_REG                         
ASxxxx Linker V03.00 + NoICE + sdld,  page 19.
Hexadecimal  [32-Bits]

Area                                    Addr        Size        Decimal Bytes (Attributes)
--------------------------------        ----        ----        ------- ----- ------------
.  .ABS.                            00000000    00000000 =           0. bytes (ABS,CON)

      Value  Global                              Global Defined In Module
      -----  --------------------------------   ------------------------
     0000FF54  _HDMA4_REG                         
     0000FF55  _HDMA5_REG                         
     0000FF56  _RP_REG                            
     0000FF68  _BCPS_REG                          
     0000FF69  _BCPD_REG                          
     0000FF6A  _OCPS_REG                          
     0000FF6B  _OCPD_REG                          
     0000FF70  _SVBK_REG                          
     0000FF76  _PCM12_REG                         
     0000FF77  _PCM34_REG                         
     0000FF80  .refresh_OAM                    
     0000FF80  __HRAM                             
     0000FFFF  _IE_REG                            
     00014000  s__CODE_1                       
     00024000  s__CODE_2                       
     00034000  s__CODE_3                       
     00044000  s__CODE_4                       
     00054000  s__CODE_5                       
     00064000  s__CODE_6                       
     00074000  s__CODE_7                       
     00084000  s__CODE_8                       
     00094000  s__CODE_9                       
     000A4000  s__CODE_10                      
     000B4000  s__CODE_11                      
     000C4000  s__CODE_12                      
     000D4000  s__CODE_13                      
     000E4000  s__CODE_14                      
     000F4000  s__CODE_15                      
     00104000  s__CODE_16                      

ASxxxx Linker V03.00 + NoICE + sdld,  page 20.
Hexadecimal  [32-Bits]

Area                                    Addr        Size        Decimal Bytes (Attributes)
--------------------------------        ----        ----        ------- ----- ------------
_CODE                               00000200    00000C51 =        3153. bytes (REL,CON)

      Value  Global                              Global Defined In Module
      -----  --------------------------------   ------------------------
     00000200  ___HandleCrash                     
     0000020A  _SIO_send_byte                     
     0000021D  _SIO_receive                       
     0000022E  _SetTile                           
     0000023D  _set_win_tile_xy                   
     00000242  _set_bkg_tile_xy                   
     00000265  _GetWinAddr                        
     0000026D  _GetBkgAddr                        
     0000027B  _state_init                        
     00000280  _state_update                      
     000002A2  _ui_time_masks                     
     000002AA  _ui_print_shift_char               
     0000032D  _ui_draw_frame_row                 
     00000336  .ui_draw_frame_row                 
     0000035F  _script_cmds                       vm_instructions
     00000593  _save_signature                    game_signature
     00000597  _start_scene_x                     
     00000599  _start_scene_y                     
     0000059B  _start_scene_dir                   
     0000059C  _start_scene                       
     0000059F  _start_player_move_speed           
     000005A0  _start_player_anim_tick            
     000005A1  _ui_fonts                          
     000005A7  _core_reset_hook                   main
     000005AF  _main                              main
     000005B7  _state_start_fns                   
     000005C9  _state_update_fns                  
     000005DB  _hUGE_init_banked                  hUGEDriver_obj
     000005DF  _hUGE_init                         hUGEDriver_obj
     000005EA  _hUGE_mute_channel_banked          hUGEDriver_obj
     000005EE  _hUGE_mute_channel                 hUGEDriver_obj
     000005FB  _hUGE_set_position_banked          hUGEDriver_obj
     000005FF  _hUGE_set_position                 hUGEDriver_obj
     00000608  hUGE_init                          hUGEDriver_obj
     0000065E  hUGE_mute_channel                  hUGEDriver_obj
     00000854  hUGE_set_position                  hUGEDriver_obj
     000009BC  _hUGE_dosound                      hUGEDriver_obj
     000009BC  _hUGE_dosound_banked               hUGEDriver_obj
     000009BC  hUGE_dosound                       hUGEDriver_obj
     00000CAB  _get_vram_byte                     
     00000CB8  _get_win_tile_xy                   
     00000CC0  _get_bkg_tile_xy                   
     00000CE7  _set_sprite_palette                CGB
     00000CEC  _set_bkg_palette                   CGB
     00000CEF  .set_palette                       CGB
     00000D0E  _set_sprite_palette_entry          CGB
     00000D13  _set_bkg_palette_entry             CGB
     00000D16  .set_palette_entry                 CGB
     00000D32  _hide_sprites_range                Metasprites
     00000D62  .sgb_check                         
ASxxxx Linker V03.00 + NoICE + sdld,  page 21.
Hexadecimal  [32-Bits]

Area                                    Addr        Size        Decimal Bytes (Attributes)
--------------------------------        ----        ----        ------- ----- ------------
_CODE                               00000200    00000C51 =        3153. bytes (REL,CON)

      Value  Global                              Global Defined In Module
      -----  --------------------------------   ------------------------
     00000D62  _sgb_check                         
     00000DAA  _sgb_transfer                      
     00000DAF  .sgb_transfer                      
     00000DF0  ___move_metasprite                 Metasprites
     00000E2F  _cpu_slow                          CGB
     00000E4A  _cpu_fast                          CGB

ASxxxx Linker V03.00 + NoICE + sdld,  page 22.
Hexadecimal  [32-Bits]

Area                                    Addr        Size        Decimal Bytes (Attributes)
--------------------------------        ----        ----        ------- ----- ------------
_HEADER0                            00000000    00000001 =           1. bytes (ABS,CON)

      Value  Global                              Global Defined In Module
      -----  --------------------------------   ------------------------
     00000020  .call_hl                           Runtime

ASxxxx Linker V03.00 + NoICE + sdld,  page 23.
Hexadecimal  [32-Bits]

Area                                    Addr        Size        Decimal Bytes (Attributes)
--------------------------------        ----        ----        ------- ----- ------------
_HEADER1                            00000000    00000005 =           5. bytes (ABS,CON)

      Value  Global                              Global Defined In Module
      -----  --------------------------------   ------------------------
     00000028  .MemsetSmall                       Runtime

ASxxxx Linker V03.00 + NoICE + sdld,  page 24.
Hexadecimal  [32-Bits]

Area                                    Addr        Size        Decimal Bytes (Attributes)
--------------------------------        ----        ----        ------- ----- ------------
_HEADER2                            00000000    00000007 =           7. bytes (ABS,CON)

      Value  Global                              Global Defined In Module
      -----  --------------------------------   ------------------------
     00000030  .MemcpySmall                       Runtime

ASxxxx Linker V03.00 + NoICE + sdld,  page 25.
Hexadecimal  [32-Bits]

Area                                    Addr        Size        Decimal Bytes (Attributes)
--------------------------------        ----        ----        ------- ----- ------------
_HEADER3                            00000000    00000008 =           8. bytes (ABS,CON)

      Value  Global                              Global Defined In Module
      -----  --------------------------------   ------------------------
ASxxxx Linker V03.00 + NoICE + sdld,  page 26.
Hexadecimal  [32-Bits]

Area                                    Addr        Size        Decimal Bytes (Attributes)
--------------------------------        ----        ----        ------- ----- ------------
_HEADER4                            00000000    0000004E =          78. bytes (ABS,CON)

      Value  Global                              Global Defined In Module
      -----  --------------------------------   ------------------------
     00000080  .int                               Runtime
     0000008F  _wait_int_handler                  Runtime
     0000009C  __standard_VBL_handler             Runtime
     000000AC  _refresh_OAM                       Runtime

ASxxxx Linker V03.00 + NoICE + sdld,  page 27.
Hexadecimal  [32-Bits]

Area                                    Addr        Size        Decimal Bytes (Attributes)
--------------------------------        ----        ----        ------- ----- ------------
_HEADER5                            00000000    00000002 =           2. bytes (ABS,CON)

      Value  Global                              Global Defined In Module
      -----  --------------------------------   ------------------------
ASxxxx Linker V03.00 + NoICE + sdld,  page 28.
Hexadecimal  [32-Bits]

Area                                    Addr        Size        Decimal Bytes (Attributes)
--------------------------------        ----        ----        ------- ----- ------------
_HEADER6                            00000000    00000030 =          48. bytes (ABS,CON)

      Value  Global                              Global Defined In Module
      -----  --------------------------------   ------------------------
ASxxxx Linker V03.00 + NoICE + sdld,  page 29.
Hexadecimal  [32-Bits]

Area                                    Addr        Size        Decimal Bytes (Attributes)
--------------------------------        ----        ----        ------- ----- ------------
_HEADER7                            00000000    00000006 =           6. bytes (ABS,CON)

      Value  Global                              Global Defined In Module
      -----  --------------------------------   ------------------------
ASxxxx Linker V03.00 + NoICE + sdld,  page 30.
Hexadecimal  [32-Bits]

Area                                    Addr        Size        Decimal Bytes (Attributes)
--------------------------------        ----        ----        ------- ----- ------------
_HEADER8                            00000000    00000003 =           3. bytes (ABS,CON)

      Value  Global                              Global Defined In Module
      -----  --------------------------------   ------------------------
ASxxxx Linker V03.00 + NoICE + sdld,  page 31.
Hexadecimal  [32-Bits]

Area                                    Addr        Size        Decimal Bytes (Attributes)
--------------------------------        ----        ----        ------- ----- ------------
_HEADER9                            00000000    00000001 =           1. bytes (ABS,CON)

      Value  Global                              Global Defined In Module
      -----  --------------------------------   ------------------------
ASxxxx Linker V03.00 + NoICE + sdld,  page 32.
Hexadecimal  [32-Bits]

Area                                    Addr        Size        Decimal Bytes (Attributes)
--------------------------------        ----        ----        ------- ----- ------------
_HEADERa                            00000000    00000001 =           1. bytes (ABS,CON)

      Value  Global                              Global Defined In Module
      -----  --------------------------------   ------------------------
ASxxxx Linker V03.00 + NoICE + sdld,  page 33.
Hexadecimal  [32-Bits]

Area                                    Addr        Size        Decimal Bytes (Attributes)
--------------------------------        ----        ----        ------- ----- ------------
_HEADERb                            00000000    00000001 =           1. bytes (ABS,CON)

      Value  Global                              Global Defined In Module
      -----  --------------------------------   ------------------------
ASxxxx Linker V03.00 + NoICE + sdld,  page 34.
Hexadecimal  [32-Bits]

Area                                    Addr        Size        Decimal Bytes (Attributes)
--------------------------------        ----        ----        ------- ----- ------------
_HEADERc                            00000000    00000002 =           2. bytes (ABS,CON)

      Value  Global                              Global Defined In Module
      -----  --------------------------------   ------------------------
ASxxxx Linker V03.00 + NoICE + sdld,  page 35.
Hexadecimal  [32-Bits]

Area                                    Addr        Size        Decimal Bytes (Attributes)
--------------------------------        ----        ----        ------- ----- ------------
_HEADERd                            00000000    00000001 =           1. bytes (ABS,CON)

      Value  Global                              Global Defined In Module
      -----  --------------------------------   ------------------------
ASxxxx Linker V03.00 + NoICE + sdld,  page 36.
Hexadecimal  [32-Bits]

Area                                    Addr        Size        Decimal Bytes (Attributes)
--------------------------------        ----        ----        ------- ----- ------------
_HEADERe                            00000000    00000001 =           1. bytes (ABS,CON)

      Value  Global                              Global Defined In Module
      -----  --------------------------------   ------------------------
ASxxxx Linker V03.00 + NoICE + sdld,  page 37.
Hexadecimal  [32-Bits]

Area                                    Addr        Size        Decimal Bytes (Attributes)
--------------------------------        ----        ----        ------- ----- ------------
_HEADERf                            00000000    00000002 =           2. bytes (ABS,CON)

      Value  Global                              Global Defined In Module
      -----  --------------------------------   ------------------------
ASxxxx Linker V03.00 + NoICE + sdld,  page 38.
Hexadecimal  [32-Bits]

Area                                    Addr        Size        Decimal Bytes (Attributes)
--------------------------------        ----        ----        ------- ----- ------------
_HEADER10                           00000000    00000082 =         130. bytes (ABS,CON)

      Value  Global                              Global Defined In Module
      -----  --------------------------------   ------------------------
     00000150  .reset                             Runtime
     00000150  _reset                             Runtime
     00000157  .code_start                        Runtime
     000001B7  _exit                              Runtime
     000001BB  _set_interrupts                    Runtime

ASxxxx Linker V03.00 + NoICE + sdld,  page 39.
[...]
/tmp/_gbsbuild/obj/scene_8_actors.rel     [ scene_8_actors ]
/tmp/_gbsbuild/obj/scene_8_collisions.rel
                                          [ scene_8_collisions ]
/tmp/_gbsbuild/obj/scene_8_init.rel       [ scene_8_init ]
/tmp/_gbsbuild/obj/scene_8_p_hit1.rel     [ scene_8_p_hit1 ]
/tmp/_gbsbuild/obj/scene_8_sprites.rel    [ scene_8_sprites ]
/tmp/_gbsbuild/obj/scene_8_triggers.rel   [ scene_8_triggers ]
/tmp/_gbsbuild/obj/scene_8.rel            [ scene_8 ]
/tmp/_gbsbuild/obj/scene_9_actors.rel     [ scene_9_actors ]
/tmp/_gbsbuild/obj/scene_9_collisions.rel
                                          [ scene_9_collisions ]
/tmp/_gbsbuild/obj/scene_9_init.rel       [ scene_9_init ]
/tmp/_gbsbuild/obj/scene_9_sprites.rel    [ scene_9_sprites ]
/tmp/_gbsbuild/obj/scene_9_triggers.rel   [ scene_9_triggers ]
/tmp/_gbsbuild/obj/scene_9.rel            [ scene_9 ]
/tmp/_gbsbuild/obj/scene_logo_collisions.rel
                                          [ scene_logo_collisions ]
/tmp/_gbsbuild/obj/scene_logo_init.rel    [ scene_logo_init ]
/tmp/_gbsbuild/obj/scene_logo.rel         [ scene_logo ]
/tmp/_gbsbuild/obj/scene_title_screen_collisions.rel
                                          [ scene_title_screen_collisions ]
/tmp/_gbsbuild/obj/scene_title_screen_init.rel
                                          [ scene_title_screen_init ]
/tmp/_gbsbuild/obj/scene_title_screen.rel
                                          [ scene_title_screen ]
/tmp/_gbsbuild/obj/script_12.rel          [ script_12 ]
/tmp/_gbsbuild/obj/script_engine_init.rel
                                          [  ]
/tmp/_gbsbuild/obj/script_input_0.rel     [ script_input_0 ]
/tmp/_gbsbuild/obj/script_input_1.rel     [ script_input_1 ]
/tmp/_gbsbuild/obj/script_input_10.rel    [ script_input_10 ]
/tmp/_gbsbuild/obj/script_input_11.rel    [ script_input_11 ]
/tmp/_gbsbuild/obj/script_input_12.rel    [ script_input_12 ]
/tmp/_gbsbuild/obj/script_input_2.rel     [ script_input_2 ]
/tmp/_gbsbuild/obj/script_input_3.rel     [ script_input_3 ]
/tmp/_gbsbuild/obj/script_input_4.rel     [ script_input_4 ]
/tmp/_gbsbuild/obj/script_input_5.rel     [ script_input_5 ]
/tmp/_gbsbuild/obj/script_input_6.rel     [ script_input_6 ]
/tmp/_gbsbuild/obj/script_input_7.rel     [ script_input_7 ]
/tmp/_gbsbuild/obj/script_input_8.rel     [ script_input_8 ]
/tmp/_gbsbuild/obj/script_input_9.rel     [ script_input_9 ]
/tmp/_gbsbuild/obj/script_turnip_collisions.rel
                                          [ script_turnip_collisions ]
/tmp/_gbsbuild/obj/sound_gbfx_sav.rel     [ sound_gbfx_sav ]
/tmp/_gbsbuild/obj/sound_gbstudio_sfx_sav.rel
                                          [ sound_gbstudio_sfx_sav ]
/tmp/_gbsbuild/obj/sound_legacy_0.rel     [ sound_legacy_0 ]
/tmp/_gbsbuild/obj/sound_legacy_1.rel     [ sound_legacy_1 ]
/tmp/_gbsbuild/obj/sound_legacy_2.rel     [ sound_legacy_2 ]
/tmp/_gbsbuild/obj/sprite_cat_tileset.rel
                                          [ sprite_cat_tileset ]
/tmp/_gbsbuild/obj/sprite_cat.rel         [ sprite_cat ]
/tmp/_gbsbuild/obj/sprite_chest_tileset.rel
                                          [ sprite_chest_tileset ]
/tmp/_gbsbuild/obj/sprite_chest.rel       [ sprite_chest ]
/tmp/_gbsbuild/obj/sprite_coins_tileset.rel
                                          [ sprite_coins_tileset ]
/tmp/_gbsbuild/obj/sprite_coins.rel       [ sprite_coins ]
/tmp/_gbsbuild/obj/sprite_cursor_tileset.rel
                                          [ sprite_cursor_tileset ]
/tmp/_gbsbuild/obj/sprite_cursor.rel      [ sprite_cursor ]
/tmp/_gbsbuild/obj/sprite_fire_skull_animation_tileset.rel
                                          [ sprite_fire_skull_animation_tile ]
/tmp/_gbsbuild/obj/sprite_fire_skull_animation.rel
                                          [ sprite_fire_skull_animation ]
/tmp/_gbsbuild/obj/sprite_fire_tileset.rel
                                          [ sprite_fire_tileset ]
/tmp/_gbsbuild/obj/sprite_fire.rel        [ sprite_fire ]
/tmp/_gbsbuild/obj/sprite_generated_tileset.rel
                                          [ sprite_generated_tileset ]
/tmp/_gbsbuild/obj/sprite_generated.rel   [ sprite_generated ]
/tmp/_gbsbuild/obj/sprite_girl_tileset.rel
                                          [ sprite_girl_tileset ]
/tmp/_gbsbuild/obj/sprite_girl.rel        [ sprite_girl ]
/tmp/_gbsbuild/obj/sprite_heart_tileset.rel
                                          [ sprite_heart_tileset ]
/tmp/_gbsbuild/obj/sprite_heart.rel       [ sprite_heart ]
/tmp/_gbsbuild/obj/sprite_hud_tileset.rel
                                          [ sprite_hud_tileset ]
/tmp/_gbsbuild/obj/sprite_hud.rel         [ sprite_hud ]
/tmp/_gbsbuild/obj/sprite_key_tileset.rel
                                          [ sprite_key_tileset ]
/tmp/_gbsbuild/obj/sprite_key.rel         [ sprite_key ]
/tmp/_gbsbuild/obj/sprite_npc001_tileset.rel
                                          [ sprite_npc001_tileset ]
/tmp/_gbsbuild/obj/sprite_npc001.rel      [ sprite_npc001 ]
/tmp/_gbsbuild/obj/sprite_npc004_sheet_tileset.rel
                                          [ sprite_npc004_sheet_tileset ]
/tmp/_gbsbuild/obj/sprite_npc004_sheet.rel
                                          [ sprite_npc004_sheet ]
/tmp/_gbsbuild/obj/sprite_player_platform_tileset.rel
                                          [ sprite_player_platform_tileset ]
/tmp/_gbsbuild/obj/sprite_player_platform.rel
                                          [ sprite_player_platform ]
/tmp/_gbsbuild/obj/sprite_player_tileset.rel
                                          [ sprite_player_tileset ]
/tmp/_gbsbuild/obj/sprite_player.rel      [ sprite_player ]
/tmp/_gbsbuild/obj/sprite_radio_tileset.rel
                                          [ sprite_radio_tileset ]
/tmp/_gbsbuild/obj/sprite_radio.rel       [ sprite_radio ]
/tmp/_gbsbuild/obj/sprite_rock_tileset.rel
                                          [ sprite_rock_tileset ]
/tmp/_gbsbuild/obj/sprite_rock.rel        [ sprite_rock ]
/tmp/_gbsbuild/obj/sprite_savepoint_tileset.rel
                                          [ sprite_savepoint_tileset ]
/tmp/_gbsbuild/obj/sprite_savepoint.rel   [ sprite_savepoint ]
/tmp/_gbsbuild/obj/sprite_signpost_tileset.rel
                                          [ sprite_signpost_tileset ]
/tmp/_gbsbuild/obj/sprite_signpost.rel    [ sprite_signpost ]
/tmp/_gbsbuild/obj/sprite_skelet_tileset.rel
                                          [ sprite_skelet_tileset ]
/tmp/_gbsbuild/obj/sprite_skelet.rel      [ sprite_skelet ]
/tmp/_gbsbuild/obj/sprite_skull_3_sheet_tileset.rel
                                          [ sprite_skull_3_sheet_tileset ]
/tmp/_gbsbuild/obj/sprite_skull_3_sheet.rel
                                          [ sprite_skull_3_sheet ]
/tmp/_gbsbuild/obj/sprite_spikes_tileset.rel
                                          [ sprite_spikes_tileset ]
/tmp/_gbsbuild/obj/sprite_spikes.rel      [ sprite_spikes ]
/tmp/_gbsbuild/obj/sprite_torch2_tileset.rel
                                          [ sprite_torch2_tileset ]
/tmp/_gbsbuild/obj/sprite_torch2.rel      [ sprite_torch2 ]
/tmp/_gbsbuild/obj/spritesheet_none.rel   [ spritesheet_none ]
/tmp/_gbsbuild/obj/trigger_0_interact.rel
                                          [ trigger_0_interact ]
/tmp/_gbsbuild/obj/trigger_1_interact.rel
                                          [ trigger_1_interact ]
/tmp/_gbsbuild/obj/trigger_10_interact.rel
                                          [ trigger_10_interact ]
/tmp/_gbsbuild/obj/trigger_11_interact.rel
                                          [ trigger_11_interact ]
/tmp/_gbsbuild/obj/trigger_12_interact.rel
                                          [ trigger_12_interact ]
/tmp/_gbsbuild/obj/trigger_13_interact.rel
                                          [ trigger_13_interact ]
/tmp/_gbsbuild/obj/trigger_14_interact.rel
                                          [ trigger_14_interact ]
/tmp/_gbsbuild/obj/trigger_15_interact.rel
                                          [ trigger_15_interact ]
/tmp/_gbsbuild/obj/trigger_16_interact.rel
                                          [ trigger_16_interact ]
/tmp/_gbsbuild/obj/trigger_17_interact.rel
                                          [ trigger_17_interact ]
/tmp/_gbsbuild/obj/trigger_18_interact.rel
                                          [ trigger_18_interact ]
/tmp/_gbsbuild/obj/trigger_19_interact.rel
                                          [ trigger_19_interact ]
/tmp/_gbsbuild/obj/trigger_2_interact.rel
                                          [ trigger_2_interact ]
/tmp/_gbsbuild/obj/trigger_20_interact.rel
                                          [ trigger_20_interact ]
/tmp/_gbsbuild/obj/trigger_21_interact.rel
                                          [ trigger_21_interact ]
/tmp/_gbsbuild/obj/trigger_22_interact.rel
                                          [ trigger_22_interact ]
/tmp/_gbsbuild/obj/trigger_23_interact.rel
                                          [ trigger_23_interact ]
/tmp/_gbsbuild/obj/trigger_24_interact.rel
                                          [ trigger_24_interact ]
/tmp/_gbsbuild/obj/trigger_25_interact.rel
                                          [ trigger_25_interact ]
/tmp/_gbsbuild/obj/trigger_26_interact.rel
                                          [ trigger_26_interact ]
/tmp/_gbsbuild/obj/trigger_27_interact.rel
                                          [ trigger_27_interact ]
/tmp/_gbsbuild/obj/trigger_28_interact.rel
                                          [ trigger_28_interact ]
/tmp/_gbsbuild/obj/trigger_29_interact.rel
                                          [ trigger_29_interact ]
/tmp/_gbsbuild/obj/trigger_3_interact.rel
                                          [ trigger_3_interact ]
/tmp/_gbsbuild/obj/trigger_30_interact.rel
                                          [ trigger_30_interact ]
/tmp/_gbsbuild/obj/trigger_31_interact.rel
                                          [ trigger_31_interact ]
/tmp/_gbsbuild/obj/trigger_32_interact.rel
                                          [ trigger_32_interact ]
/tmp/_gbsbuild/obj/trigger_33_interact.rel
                                          [ trigger_33_interact ]
/tmp/_gbsbuild/obj/trigger_34_interact.rel
                                          [ trigger_34_interact ]
/tmp/_gbsbuild/obj/trigger_35_interact.rel
                                          [ trigger_35_interact ]
/tmp/_gbsbuild/obj/trigger_36_interact.rel
                                          [ trigger_36_interact ]
/tmp/_gbsbuild/obj/trigger_37_interact.rel
                                          [ trigger_37_interact ]
/tmp/_gbsbuild/obj/trigger_38_interact.rel
                                          [ trigger_38_interact ]
/tmp/_gbsbuild/obj/trigger_4_interact.rel
                                          [ trigger_4_interact ]
/tmp/_gbsbuild/obj/trigger_42_interact.rel
                                          [ trigger_42_interact ]
/tmp/_gbsbuild/obj/trigger_43_interact.rel
                                          [ trigger_43_interact ]
/tmp/_gbsbuild/obj/trigger_47_interact.rel
                                          [ trigger_47_interact ]
/tmp/_gbsbuild/obj/trigger_48_interact.rel
                                          [ trigger_48_interact ]
/tmp/_gbsbuild/obj/trigger_49_interact.rel
                                          [ trigger_49_interact ]
/tmp/_gbsbuild/obj/trigger_5_interact.rel
                                          [ trigger_5_interact ]
/tmp/_gbsbuild/obj/trigger_50_interact.rel
                                          [ trigger_50_interact ]
/tmp/_gbsbuild/obj/trigger_51_interact.rel
                                          [ trigger_51_interact ]
/tmp/_gbsbuild/obj/trigger_52_interact.rel
                                          [ trigger_52_interact ]
/tmp/_gbsbuild/obj/trigger_53_interact.rel
                                          [ trigger_53_interact ]
/tmp/_gbsbuild/obj/trigger_54_interact.rel
                                          [ trigger_54_interact ]
/tmp/_gbsbuild/obj/trigger_55_interact.rel
                                          [ trigger_55_interact ]
/tmp/_gbsbuild/obj/trigger_56_interact.rel
                                          [ trigger_56_interact ]
/tmp/_gbsbuild/obj/trigger_57_interact.rel
                                          [ trigger_57_interact ]
/tmp/_gbsbuild/obj/trigger_58_interact.rel
                                          [ trigger_58_interact ]
/tmp/_gbsbuild/obj/trigger_59_interact.rel
                                          [ trigger_59_interact ]
/tmp/_gbsbuild/obj/trigger_6_interact.rel
                                          [ trigger_6_interact ]
/tmp/_gbsbuild/obj/trigger_60_interact.rel
                                          [ trigger_60_interact ]
/tmp/_gbsbuild/obj/trigger_61_interact.rel
                                          [ trigger_61_interact ]
/tmp/_gbsbuild/obj/trigger_62_interact.rel
                                          [ trigger_62_interact ]
/tmp/_gbsbuild/obj/trigger_63_interact.rel
                                          [ trigger_63_interact ]
/tmp/_gbsbuild/obj/trigger_64_interact.rel
                                          [ trigger_64_interact ]
/tmp/_gbsbuild/obj/trigger_65_interact.rel
                                          [ trigger_65_interact ]
/tmp/_gbsbuild/obj/trigger_66_interact.rel
                                          [ trigger_66_interact ]
/tmp/_gbsbuild/obj/trigger_67_interact.rel
                                          [ trigger_67_interact ]
/tmp/_gbsbuild/obj/trigger_68_interact.rel
                                          [ trigger_68_interact ]
/tmp/_gbsbuild/obj/trigger_69_interact.rel
                                          [ trigger_69_interact ]
/tmp/_gbsbuild/obj/trigger_7_interact.rel
                                          [ trigger_7_interact ]
/tmp/_gbsbuild/obj/trigger_70_interact.rel
                                          [ trigger_70_interact ]
/tmp/_gbsbuild/obj/trigger_71_interact.rel
                                          [ trigger_71_interact ]
/tmp/_gbsbuild/obj/trigger_72_interact.rel
                                          [ trigger_72_interact ]
/tmp/_gbsbuild/obj/trigger_73_interact.rel
                                          [ trigger_73_interact ]
/tmp/_gbsbuild/obj/trigger_74_interact.rel
                                          [ trigger_74_interact ]
/tmp/_gbsbuild/obj/trigger_75_interact.rel
                                          [ trigger_75_interact ]
/tmp/_gbsbuild/obj/trigger_76_interact.rel
                                          [ trigger_76_interact ]
/tmp/_gbsbuild/obj/trigger_77_interact.rel
                                          [ trigger_77_interact ]
/tmp/_gbsbuild/obj/trigger_78_interact.rel
                                          [ trigger_78_interact ]
/tmp/_gbsbuild/obj/trigger_79_interact.rel
                                          [ trigger_79_interact ]
/tmp/_gbsbuild/obj/trigger_8_interact.rel
                                          [ trigger_8_interact ]
/tmp/_gbsbuild/obj/trigger_80_interact.rel
                                          [ trigger_80_interact ]
/tmp/_gbsbuild/obj/trigger_81_interact.rel
                                          [ trigger_81_interact ]
/tmp/_gbsbuild/obj/trigger_83_interact.rel
                                          [ trigger_83_interact ]
/tmp/_gbsbuild/obj/trigger_84_interact.rel
                                          [ trigger_84_interact ]
/tmp/_gbsbuild/obj/trigger_85_interact.rel
                                          [ trigger_85_interact ]
/tmp/_gbsbuild/obj/trigger_86_interact.rel
                                          [ trigger_86_interact ]
/tmp/_gbsbuild/obj/trigger_87_interact.rel
                                          [ trigger_87_interact ]
/tmp/_gbsbuild/obj/trigger_88_interact.rel
                                          [ trigger_88_interact ]
/tmp/_gbsbuild/obj/trigger_89_interact.rel
                                          [ trigger_89_interact ]
/tmp/_gbsbuild/obj/trigger_9_interact.rel
                                          [ trigger_9_interact ]
/tmp/_gbsbuild/obj/trigger_90_interact.rel
                                          [ trigger_90_interact ]
/tmp/_gbsbuild/obj/main.rel               [ main ]
/tmp/_gbsbuild/obj/adventure.rel          [ adventure ]
/tmp/_gbsbuild/obj/logo.rel               [ logo ]
/tmp/_gbsbuild/obj/platform.rel           [ platform ]
/tmp/_gbsbuild/obj/pointnclick.rel        [ pointnclick ]
/tmp/_gbsbuild/obj/shmup.rel              [ shmup ]
/tmp/_gbsbuild/obj/states_ptrs.rel        [  ]
/tmp/_gbsbuild/obj/topdown.rel            [ topdown ]


Libraries Linked                          [ object file ]

/tmp/_gbstools/gbdk/lib/small/asxxxx/gb/gb.lib
                                          [ fill_rect_wi.o ]
/tmp/_gbstools/gbdk/lib/small/asxxxx/gbz80/gbz80.lib
                                          [ rand.o ]
lib/hUGEDriver.lib                        [ hUGEDriver.obj.o ]
/tmp/_gbstools/gbdk/lib/small/asxxxx/gb/gb.lib
                                          [ sfr.o ]
/tmp/_gbstools/gbdk/lib/small/asxxxx/gb/gb.lib
                                          [ get_data.o ]
/tmp/_gbstools/gbdk/lib/small/asxxxx/gb/gb.lib
                                          [ get_tile.o ]
/tmp/_gbstools/gbdk/lib/small/asxxxx/gb/gb.lib
                                          [ cgb_palettes.o ]
/tmp/_gbstools/gbdk/lib/small/asxxxx/gb/gb.lib
                                          [ metasprites_hide_spr.o ]
/tmp/_gbstools/gbdk/lib/small/asxxxx/gbz80/gbz80.lib
                                          [ mul.o ]
/tmp/_gbstools/gbdk/lib/small/asxxxx/gbz80/gbz80.lib
                                          [ div.o ]
/tmp/_gbstools/gbdk/lib/small/asxxxx/gbz80/gbz80.lib
                                          [ abs.o ]
/tmp/_gbstools/gbdk/lib/small/asxxxx/gb/gb.lib
                                          [ set_wi_t.o ]
/tmp/_gbstools/gbdk/lib/small/asxxxx/gb/gb.lib
                                          [ set_data.o ]
/tmp/_gbstools/gbdk/lib/small/asxxxx/gbz80/gbz80.lib
                                          [ reverse.o ]
/tmp/_gbstools/gbdk/lib/small/asxxxx/gb/gb.lib
                                          [ far_ptr.o ]
/tmp/_gbstools/gbdk/lib/small/asxxxx/gb/gb.lib
                                          [ sgb.o ]
/tmp/_gbstools/gbdk/lib/small/asxxxx/gb/gb.lib
                                          [ lcd.o ]
/tmp/_gbstools/gbdk/lib/small/asxxxx/gb/gb.lib
                                          [ fill_rect.o ]
/tmp/_gbstools/gbdk/lib/small/asxxxx/gb/gb.lib
                                          [ cpy_data.o ]
/tmp/_gbstools/gbdk/lib/small/asxxxx/gb/gb.lib
                                          [ fill_rect_bk.o ]
/tmp/_gbstools/gbdk/lib/small/asxxxx/gb/gb.lib
                                          [ pad.o ]
/tmp/_gbstools/gbdk/lib/small/asxxxx/gb/gb.lib
                                          [ metasprites.o ]
/tmp/_gbstools/gbdk/lib/small/asxxxx/gbz80/gbz80.lib
                                          [ __sdcc_call_hl.o ]
/tmp/_gbstools/gbdk/lib/small/asxxxx/gbz80/gbz80.lib
                                          [ _memcpy.o ]
/tmp/_gbstools/gbdk/lib/small/asxxxx/gbz80/gbz80.lib
                                          [ _memset.o ]
/tmp/_gbstools/gbdk/lib/small/asxxxx/gb/gb.lib
                                          [ set_xy_t.o ]
/tmp/_gbstools/gbdk/lib/small/asxxxx/gb/gb.lib
                                          [ cgb.o ]
/tmp/_gbstools/gbdk/lib/small/asxxxx/gb/gb.lib
                                          [ set_bk_t.o ]

ASxxxx Linker V03.00 + NoICE + sdld,  page 94.

User Base Address Definitions

_DATA=0xC0A0
_CODE=0x0200
ASxxxx Linker V03.00 + NoICE + sdld,  page 95.

User Global Definitions

.STACK=0xDF00
_shadow_OAM=0xC000
.refresh_OAM=0xFF80
__start_save=28

